Global_GM,Global_Median,Num_Events,Gate_1_Percentage,Gate_1_GM,Gate_2_Percentage,Gate_2_GM,Well
6187.7314,25220.5,15766,33.178992769250286,289.2566,66.77026512748954,28323.973,A1
4452.9805,19695.0,6073,38.36654042483122,266.34912,61.56759426971843,25729.943,A2
491.3309,250.0,14706,81.76934584523325,216.54536,18.169454644362844,19976.605,A3
