Global_GM,Global_Median,Num_Events,Gate_1_Percentage,Gate_1_GM,Gate_2_Percentage,Gate_2_GM,Well,Group
1379.8219,692.0,15777,56.96900551435634,437.20547,43.08803955124548,6306.44,A1,A1
1318.4117,639.0,6077,58.943557676485106,398.61237,41.089353299325325,7330.1113,A2,A1
458.44986,371.0,14715,88.82772680937818,339.77216,11.165477404009515,5060.722,A3,A1
