Q1_Percentage,Q1_BL1-H_GM,Q1_BL1-H_Median,Q1_YL2-H_GM,Q1_YL2-H_Median,Q2_Percentage,Q2_BL1-H_GM,Q2_BL1-H_Median,Q2_YL2-H_GM,Q2_YL2-H_Median,Q3_Percentage,Q3_BL1-H_GM,Q3_BL1-H_Median,Q3_YL2-H_GM,Q3_YL2-H_Median,Q4_Percentage,Q4_BL1-H_GM,Q4_BL1-H_Median,Q4_YL2-H_GM,Q4_YL2-H_Median,Global_BL1-H_GM,Global_BL1-H_Median,Global_YL2-H_GM,Global_YL2-H_Median,Well
0.6147800735200912,14320.488,15424.0,23860.596,30260.0,64.8117632146026,537.03595,547.0,30435.596,31981.0,4.709088604385854,229.27513,231.0,149.74438,167.0,29.864368107491444,13506.37,13768.0,333.5776,336.0,1379.1897,691.5,6146.7783,25199.0,A1
0.8883039973679883,13513.805,12254.5,24546.812,28098.0,59.944069748313865,488.0637,495.0,26815.654,28731.5,7.583484125678567,217.84729,222.0,140.82626,157.0,31.58414212863958,12450.984,12749.5,313.81244,313.0,1315.2992,639.0,4416.2085,19612.0,A2
0.040763638834159927,12391.777,13055.5,11017.966,8406.0,17.385691962769208,472.44272,472.0,22550.832,26610.0,75.47387730144712,332.07913,338.0,210.46794,219.0,7.099667096949521,12581.508,12781.0,312.47098,315.0,457.68716,371.0,488.6489,250.0,A3
