Well,Singlet_Percentage,Total_Events,Singlet_Events
A1,66.13849765258216,23856,15778
A2,62.15110929352827,9781,6079
A3,56.68784902753708,25965,14719
