Group,Global_Median_Mean,Global_Median_Std,Global_Median_Count
A1,15055.167,13115.926,3
