Group,Global_Median_Mean,Global_Median_Std,Global_Median_Count
A1,567.3333,172.08235,3
