Group,Q4_Percentage_Mean,Q4_Percentage_Std,Q4_Percentage_Count
A1,22.84939244436018,13.66674035972391,3
