Group,Q3_Percentage_Mean,Q3_Percentage_Std,Q3_Percentage_Count
A1,29.25548334383718,40.05209722871991,3
