Group,Q2_Percentage_Mean,Q2_Percentage_Std,Q2_Percentage_Count
A1,47.38050830856189,26.09004341954631,3
